{
  "version": "1.5.0",
  "plugins_used": [
    {
      "name": "ArtifactoryDetector"
    },
    {
      "name": "AWSKeyDetector"
    },
    {
      "name": "AzureStorageKeyDetector"
    },
    {
      "name": "Base64HighEntropyString",
      "limit": 4.5
    },
    {
      "name": "BasicAuthDetector"
    },
    {
      "name": "CloudantDetector"
    },
    {
      "name": "DiscordBotTokenDetector"
    },
    {
      "name": "GitHubTokenDetector"
    },
    {
      "name": "GitLabTokenDetector"
    },
    {
      "name": "HexHighEntropyString",
      "limit": 3.0
    },
    {
      "name": "IbmCloudIamDetector"
    },
    {
      "name": "IbmCosHmacDetector"
    },
    {
      "name": "IPPublicDetector"
    },
    {
      "name": "JwtTokenDetector"
    },
    {
      "name": "KeywordDetector",
      "keyword_exclude": ""
    },
    {
      "name": "MailchimpDetector"
    },
    {
      "name": "NpmDetector"
    },
    {
      "name": "OpenAIDetector"
    },
    {
      "name": "PrivateKeyDetector"
    },
    {
      "name": "PypiTokenDetector"
    },
    {
      "name": "SendGridDetector"
    },
    {
      "name": "SlackDetector"
    },
    {
      "name": "SoftlayerDetector"
    },
    {
      "name": "SquareOAuthDetector"
    },
    {
      "name": "StripeDetector"
    },
    {
      "name": "TelegramBotTokenDetector"
    },
    {
      "name": "TwilioKeyDetector"
    }
  ],
  "filters_used": [
    {
      "path": "detect_secrets.filters.allowlist.is_line_allowlisted"
    },
    {
      "path": "detect_secrets.filters.common.is_ignored_due_to_verification_policies",
      "min_level": 2
    },
    {
      "path": "detect_secrets.filters.heuristic.is_indirect_reference"
    },
    {
      "path": "detect_secrets.filters.heuristic.is_likely_id_string"
    },
    {
      "path": "detect_secrets.filters.heuristic.is_lock_file"
    },
    {
      "path": "detect_secrets.filters.heuristic.is_not_alphanumeric_string"
    },
    {
      "path": "detect_secrets.filters.heuristic.is_potential_uuid"
    },
    {
      "path": "detect_secrets.filters.heuristic.is_prefixed_with_dollar_sign"
    },
    {
      "path": "detect_secrets.filters.heuristic.is_sequential_string"
    },
    {
      "path": "detect_secrets.filters.heuristic.is_swagger_file"
    },
    {
      "path": "detect_secrets.filters.heuristic.is_templated_secret"
    }
  ],
  "results": {
    "tests/test_audit.py": [
      {
        "type": "Base64 High Entropy String",
        "filename": "tests/test_audit.py",
        "hashed_secret": "ebd6b29a2f6708261d57173190feabea8dc3d991",
        "is_verified": false,
        "line_number": 145
      }
    ],
    "tests/test_redaction.py": [
      {
        "type": "Base64 High Entropy String",
        "filename": "tests/test_redaction.py",
        "hashed_secret": "ebd6b29a2f6708261d57173190feabea8dc3d991",
        "is_verified": false,
        "line_number": 11
      },
      {
        "type": "Base64 High Entropy String",
        "filename": "tests/test_redaction.py",
        "hashed_secret": "403c6bd6e90ef5169e4d5b6a592f4e95ed94a404",
        "is_verified": false,
        "line_number": 12
      },
      {
        "type": "Base64 High Entropy String",
        "filename": "tests/test_redaction.py",
        "hashed_secret": "83440669f9b9db5bdb4b3c18874a3a7a33fddab5",
        "is_verified": false,
        "line_number": 13
      },
      {
        "type": "AWS Access Key",
        "filename": "tests/test_redaction.py",
        "hashed_secret": "c3b6143b82ebbff066407fad4dc97ece9463f9ac",
        "is_verified": false,
        "line_number": 14
      },
      {
        "type": "Base64 High Entropy String",
        "filename": "tests/test_redaction.py",
        "hashed_secret": "096960696fd1a42c47808e032d0d6ba3419e4616",
        "is_verified": false,
        "line_number": 15
      }
    ]
  }
}
